// Jest Snapshot v1, https://goo.gl/fbAQLP

exports[`CommodityFormView has render method 1`] = `
<div>
  <!---->
  
  
  <div
    aria-hidden="true"
    class="modal fade"
    id="modalForm"
    role="dialog"
    tabindex="-1"
  >
    
    
    <div
      class="modal-dialog modal-xl modal-dialog-centered"
      role="document"
    >
      
      
      <div
        class="modal-content"
      >
        
        
        <div
          class="modal-header"
        >
          
          
          <h3
            class="modal-title"
          >
            Commodity
          </h3>
          
        
        </div>
        
        
        <form
          class="commodity-editor form"
        >
          
          
          <div
            class="modal-body"
          >
            
            
            <input
              id="commodityId"
              name="id"
              type="hidden"
              value="undefined"
            />
            
            
            <div
              class="form-row"
            >
              
              
              <div
                class="form-group col"
              >
                
                
                <label
                  for="name"
                >
                  Name
                </label>
                
                
                <input
                  class="form-control"
                  id="name"
                  name="name"
                  type="text"
                  value=""
                />
                
              
              </div>
              
              
              <div
                class="form-group col"
              >
                
                
                <label
                  for="type"
                >
                  Type
                </label>
                
                
                <select
                  class="form-control"
                  id="type"
                >
                  
                  
                  <option
                    value=""
                  >
                    [Choose Commodity Type]
                  </option>
                  
                  
                  <option
                    value="1"
                  >
                    Currency
                  </option>
                  
                  
                  <option
                    value="2"
                  >
                    Investment
                  </option>
                  
                
                </select>
                
              
              </div>
              
            
            </div>
            
            
            <div
              class="form-row"
            >
              
              
              <div
                class="form-group col"
              >
                
                
                <label
                  for="description"
                >
                  Description
                </label>
                
                
                <input
                  class="form-control"
                  id="description"
                  name="description"
                  type="text"
                  value=""
                />
                
              
              </div>
              
            
            </div>
            
            
            <div
              class="form-row"
            >
              
              
              <div
                class="form-group col"
              >
                
                
                <label
                  for="ticker"
                >
                  Ticker
                </label>
                
                
                <input
                  class="form-control"
                  id="ticker"
                  name="ticker"
                  type="text"
                  value=""
                />
                
              
              </div>
              
              
              <div
                class="form-group col"
              >
                
                
                <label
                  for="fraction"
                >
                  Fraction
                </label>
                
                
                <select
                  class="form-control"
                  id="fraction"
                >
                  
                  
                  <option>
                    [Choose Fraction]
                  </option>
                  
                  
                  <option
                    value="1"
                  >
                    Whole Values (123)
                  </option>
                  
                  
                  <option
                    value="10"
                  >
                    1/10 (123.4)
                  </option>
                  
                  
                  <option
                    value="100"
                  >
                    1/100 (123.45)
                  </option>
                  
                  
                  <option
                    value="1000"
                  >
                    1/1,000 (123.456)
                  </option>
                  
                  
                  <option
                    value="10000"
                  >
                    1/10,000 (123.4567)
                  </option>
                  
                
                </select>
                
              
              </div>
              
            
            </div>
            
          
          </div>
          
          
          <div
            class="modal-footer"
          >
            
            
            <div
              class="form-row"
            >
              
              
              <div
                class="form-group"
              >
                
                
                <button
                  class="save btn btn-success ml-2"
                >
                  <span
                    class="icon-solid-check"
                  />
                   Save
                </button>
                
                
                <button
                  class="cancel btn btn-danger ml-2"
                >
                  <span
                    class="icon-close"
                  />
                   Cancel
                </button>
                
              
              </div>
              
            
            </div>
            
          
          </div>
          
        
        </form>
        
      
      </div>
      
    
    </div>
    
  
  </div>
  
  

  <!---->
</div>
`;
