// Jest Snapshot v1, https://goo.gl/fbAQLP

exports[`CommoditySelectMenuView has render method 1`] = `[Function]`;
