// Jest Snapshot v1, https://goo.gl/fbAQLP

exports[`CommodityFormView has render method 1`] = `
[MockFunction] {
  "calls": Array [
    Array [
      Array [
        "
<div class=\\"modal fade\\" id=\\"modalForm\\" tabindex=\\"-1\\" role=\\"dialog\\" aria-hidden=\\"true\\">
  <div class=\\"modal-dialog modal-xl modal-dialog-centered\\" role=\\"document\\">
    <div class=\\"modal-content\\">
      <div class=\\"modal-body\\">
        <form class=\\"commodity-editor form\\">
          <input id=\\"commodityId\\" type=\\"hidden\\" name=\\"id\\" value=\\"",
        "\\" />
          <div class=\\"form-row\\">
            <div class=\\"form-group col-md-6\\">
              <label for=\\"name\\">Name</label>
              <input id=\\"name\\" class=\\"form-control\\" type=\\"text\\" name=\\"name\\" value=\\"",
        "\\" />
            </div>
            <div class=\\"form-group col-md-6\\">
              <label for=\\"type\\">Type</label>
              <select id=\\"type\\" class=\\"form-control\\">
                <option value=\\"\\">[Choose Commodity Type]</option>
                <option value=\\"CD\\">Certificate of Deposit</option>
                <option value=\\"CHECKING\\">Checking</option>
              </select>
            </div>
            <div class=\\"form-group col-6\\">
              <label for=\\"user\\">User</label>
              <input id=\\"user\\" class=\\"form-control\\" type=\\"text\\" name=\\"user\\" value=\\"",
        "\\" />
            </div>
            <div class=\\"form-group col-6\\">
              <label for=\\"password\\">Password</label>
              <input id=\\"password\\" class=\\"form-control\\" type=\\"text\\" name=\\"password\\" value=\\"",
        "\\" />
            </div>
          </div>
          <div class=\\"form-row\\">
            <div class=\\"form-group col-6 col-md-3\\">
              <label for=\\"fid\\">FID</label>
              <input id=\\"fid\\" class=\\"form-control\\" type=\\"text\\" name=\\"fid\\" value=\\"",
        "\\" />
            </div>
            <div class=\\"form-group col-6 col-md-3\\">
              <label for=\\"fidOrg\\">FID Org</label>
              <input id=\\"fidOrg\\" class=\\"form-control\\" type=\\"text\\" name=\\"fidOrg\\" value=\\"",
        "\\" />
            </div>
            <div class=\\"form-group col-6 col-md-3\\">
              <label for=\\"bankId\\">Bank ID</label>
              <input id=\\"bankId\\" class=\\"form-control\\" type=\\"text\\" name=\\"bankId\\" value=\\"",
        "\\" />
            </div>
            <div class=\\"form-group col-6 col-md-3\\">
              <label for=\\"acctId\\">Account ID</label>
              <input id=\\"acctId\\" class=\\"form-control\\" type=\\"text\\" name=\\"acctId\\" value=\\"",
        "\\" />
            </div>
            <div class=\\"form-group col-6\\">
            </div>
            <div class=\\"form-group col-6\\">
              <label>&nbsp;</label><br />
              <button class=\\"save btn btn-success ml-2\\"><span class=\\"icon-solid-check\\"></span></button>
              <button class=\\"cancel btn btn-danger ml-2\\"><span class=\\"icon-close\\"></span></button>
            </div>
          </div>
        </form>
      </div>
    </div>
  </div>
</div>
",
      ],
      undefined,
      undefined,
      undefined,
      undefined,
      undefined,
      undefined,
      undefined,
      undefined,
    ],
  ],
  "results": Array [
    Object {
      "type": "return",
      "value": "htmlTemplate",
    },
  ],
}
`;
