// Jest Snapshot v1, https://goo.gl/fbAQLP

exports[`HomeView has render method 1`] = `
<div>
  <!---->
  
  
  <div
    class="row"
  >
    
    
    <div
      class="col"
    >
      
      
      <h1>
        Mortgage Tools
      </h1>
      
      
      <p />
      
    
    </div>
    
  
  </div>
  

  <!---->
</div>
`;
